---
source: crates/stef-build/tests/compiler.rs
description: "/// Basic struct.\nstruct SampleStruct {\n    a: u32 @1,\n    b: bool @2,\n}\n\n/// Sample enum.\nenum SampleEnum {\n    One @1,\n    Two(u32 @1, u64 @2) @2,\n    Three {\n        field1: u32 @1,\n        field2: bool @2,\n    } @3,\n}"
input_file: crates/stef-parser/tests/inputs/schema_basic.stef
---
#[allow(unused_imports)]
use ::stef::buf::{Decode, Encode, Size};
/// Basic struct.
#[derive(Clone, Debug, PartialEq)]
#[allow(clippy::module_name_repetitions, clippy::option_option)]
pub struct SampleStruct {
    pub a: u32,
    pub b: bool,
}
#[automatically_derived]
impl ::stef::Encode for SampleStruct {
    #[allow(
        clippy::borrow_deref_ref,
        clippy::explicit_auto_deref,
        clippy::needless_borrow,
        clippy::too_many_lines,
    )]
    fn encode(&self, w: &mut impl ::stef::BufMut) {
        ::stef::buf::encode_field(
            w,
            1,
            |w| {
                ::stef::buf::encode_u32(w, self.a);
            },
        );
        ::stef::buf::encode_field(
            w,
            2,
            |w| {
                ::stef::buf::encode_bool(w, self.b);
            },
        );
        ::stef::buf::encode_u32(w, ::stef::buf::END_MARKER);
    }
}
#[automatically_derived]
impl ::stef::Decode for SampleStruct {
    #[allow(clippy::type_complexity, clippy::too_many_lines)]
    fn decode(r: &mut impl ::stef::Buf) -> ::stef::buf::Result<Self> {
        let mut a: Option<u32> = None;
        let mut b: Option<bool> = None;
        loop {
            match ::stef::buf::decode_id(r)? {
                ::stef::buf::END_MARKER => break,
                1 => a = Some(::stef::buf::decode_u32(r)?),
                2 => b = Some(::stef::buf::decode_bool(r)?),
                _ => continue,
            }
        }
        Ok(Self {
            a: a
                .ok_or(::stef::buf::Error::MissingField {
                    id: 1,
                    name: Some("a"),
                })?,
            b: b
                .ok_or(::stef::buf::Error::MissingField {
                    id: 2,
                    name: Some("b"),
                })?,
        })
    }
}
#[automatically_derived]
impl ::stef::buf::Size for SampleStruct {
    #[allow(
        clippy::borrow_deref_ref,
        clippy::explicit_auto_deref,
        clippy::needless_borrow,
        clippy::too_many_lines,
    )]
    fn size(&self) -> usize {
        ::stef::buf::size_field(1, || { ::stef::buf::size_u32(self.a) })
            + ::stef::buf::size_field(2, || { ::stef::buf::size_bool(self.b) })
            + ::stef::buf::size_u32(::stef::buf::END_MARKER)
    }
}
/// Sample enum.
#[derive(Clone, Debug, PartialEq)]
#[allow(clippy::module_name_repetitions, clippy::option_option)]
pub enum SampleEnum {
    One,
    Two(u32, u64),
    Three { field1: u32, field2: bool },
}
#[automatically_derived]
impl ::stef::Encode for SampleEnum {
    #[allow(
        clippy::borrow_deref_ref,
        clippy::semicolon_if_nothing_returned,
        clippy::too_many_lines,
    )]
    fn encode(&self, w: &mut impl ::stef::BufMut) {
        match self {
            Self::One => {
                ::stef::buf::encode_id(w, 1);
            }
            Self::Two(n0, n1) => {
                ::stef::buf::encode_id(w, 2);
                ::stef::buf::encode_field(w, 1, |w| { ::stef::buf::encode_u32(w, *n0) });
                ::stef::buf::encode_field(w, 2, |w| { ::stef::buf::encode_u64(w, *n1) });
                ::stef::buf::encode_u32(w, ::stef::buf::END_MARKER);
            }
            Self::Three { field1, field2 } => {
                ::stef::buf::encode_id(w, 3);
                ::stef::buf::encode_field(
                    w,
                    1,
                    |w| { ::stef::buf::encode_u32(w, *field1) },
                );
                ::stef::buf::encode_field(
                    w,
                    2,
                    |w| { ::stef::buf::encode_bool(w, *field2) },
                );
                ::stef::buf::encode_u32(w, ::stef::buf::END_MARKER);
            }
        }
    }
}
#[automatically_derived]
impl ::stef::Decode for SampleEnum {
    #[allow(clippy::too_many_lines)]
    fn decode(r: &mut impl ::stef::Buf) -> ::stef::buf::Result<Self> {
        match ::stef::buf::decode_id(r)? {
            1 => Ok(Self::One),
            2 => {
                let mut n0: Option<u32> = None;
                let mut n1: Option<u64> = None;
                loop {
                    match ::stef::buf::decode_id(r)? {
                        ::stef::buf::END_MARKER => break,
                        1 => n0 = Some(::stef::buf::decode_u32(r)?),
                        2 => n1 = Some(::stef::buf::decode_u64(r)?),
                        _ => continue,
                    }
                }
                Ok(
                    Self::Two(
                        n0
                            .ok_or(::stef::buf::Error::MissingField {
                                id: 1,
                                name: None,
                            })?,
                        n1
                            .ok_or(::stef::buf::Error::MissingField {
                                id: 2,
                                name: None,
                            })?,
                    ),
                )
            }
            3 => {
                let mut field1: Option<u32> = None;
                let mut field2: Option<bool> = None;
                loop {
                    match ::stef::buf::decode_id(r)? {
                        ::stef::buf::END_MARKER => break,
                        1 => field1 = Some(::stef::buf::decode_u32(r)?),
                        2 => field2 = Some(::stef::buf::decode_bool(r)?),
                        _ => continue,
                    }
                }
                Ok(Self::Three {
                    field1: field1
                        .ok_or(::stef::buf::Error::MissingField {
                            id: 1,
                            name: Some("field1"),
                        })?,
                    field2: field2
                        .ok_or(::stef::buf::Error::MissingField {
                            id: 2,
                            name: Some("field2"),
                        })?,
                })
            }
            id => Err(::stef::buf::Error::UnknownVariant(id)),
        }
    }
}
#[automatically_derived]
impl ::stef::buf::Size for SampleEnum {
    #[allow(
        clippy::borrow_deref_ref,
        clippy::semicolon_if_nothing_returned,
        clippy::too_many_lines,
    )]
    fn size(&self) -> usize {
        match self {
            Self::One => ::stef::buf::size_id(1),
            Self::Two(n0, n1) => {
                ::stef::buf::size_id(2)
                    + ::stef::buf::size_field(1, || { ::stef::buf::size_u32(*n0) })
                    + ::stef::buf::size_field(2, || { ::stef::buf::size_u64(*n1) })
                    + ::stef::buf::size_u32(::stef::buf::END_MARKER)
            }
            Self::Three { field1, field2 } => {
                ::stef::buf::size_id(3)
                    + ::stef::buf::size_field(1, || { ::stef::buf::size_u32(*field1) })
                    + ::stef::buf::size_field(2, || { ::stef::buf::size_bool(*field2) })
                    + ::stef::buf::size_u32(::stef::buf::END_MARKER)
            }
        }
    }
}

