---
source: crates/mabo-compiler/tests/compiler.rs
description: "enum Sample {\n    One @1,\n    Two @1,\n}"
input_file: crates/mabo-compiler/tests/inputs/validate/enum_variant_dup_id.mabo
---
  × duplicate ID found
  ├─▶ duplicate ID in an enum variant
  ╰─▶ duplicate ID 1 in enum variant `Two`, already used in `One`
   ╭─[enum_variant_dup_id.mabo:2:9]
 1 │ enum Sample {
 2 │     One @1,
   ·         ─┬
   ·          ╰── first declared here
 3 │     Two @1,
   ·         ─┬
   ·          ╰── used here again
 4 │ }
   ╰────
  help: the IDs for each variant of an enum must be unique

