---
source: crates/mabo-parser/tests/parser.rs
description: "struct Sample {\n    f01: bool @1,\n    f02: u8 @2,\n    f03: u16 @3,\n    f04: u32 @4,\n    f05: u64 @5,\n    f06: u128 @6,\n    f07: ubig @7,\n    f08: i8 @8,\n    f09: i16 @9,\n    f10: i32 @10,\n    f11: i64 @11,\n    f12: i128 @12,\n    f13: ibig @13,\n    f14: f32 @14,\n    f15: f64 @15,\n    f16: string @16,\n    f17: &string @17,\n    f18: bytes @18,\n    f19: &bytes @19,\n    f20: box<string> @20,\n    f21: box<bytes> @21,\n    f22: (u32, u32, u32) @22,\n    f23: [u32; 12] @23,\n}"
input_file: crates/mabo-parser/tests/inputs/types_basic.mabo
---
Schema {
    path: Some(
        "types_basic.mabo",
    ),
    source: "struct Sample {\n    f01: bool @1,\n    f02: u8 @2,\n    f03: u16 @3,\n    f04: u32 @4,\n    f05: u64 @5,\n    f06: u128 @6,\n    f07: ubig @7,\n    f08: i8 @8,\n    f09: i16 @9,\n    f10: i32 @10,\n    f11: i64 @11,\n    f12: i128 @12,\n    f13: ibig @13,\n    f14: f32 @14,\n    f15: f64 @15,\n    f16: string @16,\n    f17: &string @17,\n    f18: bytes @18,\n    f19: &bytes @19,\n    f20: box<string> @20,\n    f21: box<bytes> @21,\n    f22: (u32, u32, u32) @22,\n    f23: [u32; 12] @23,\n}\n",
    comment: Comment(
        [],
    ),
    definitions: [
        Struct(
            Struct {
                comment: Comment(
                    [],
                ),
                attributes: Attributes(
                    [],
                ),
                keyword: Struct,
                name: Name {
                    value: "Sample",
                },
                generics: None,
                fields: Named(
                    Brace,
                    Punctuated {
                        values: [
                            (
                                NamedField {
                                    comment: Comment(
                                        [],
                                    ),
                                    name: Name {
                                        value: "f01",
                                    },
                                    colon: Colon,
                                    ty: Type {
                                        value: Bool,
                                    },
                                    id: Some(
                                        Id {
                                            value: 1,
                                        },
                                    ),
                                },
                                Comma,
                            ),
                            (
                                NamedField {
                                    comment: Comment(
                                        [],
                                    ),
                                    name: Name {
                                        value: "f02",
                                    },
                                    colon: Colon,
                                    ty: Type {
                                        value: U8,
                                    },
                                    id: Some(
                                        Id {
                                            value: 2,
                                        },
                                    ),
                                },
                                Comma,
                            ),
                            (
                                NamedField {
                                    comment: Comment(
                                        [],
                                    ),
                                    name: Name {
                                        value: "f03",
                                    },
                                    colon: Colon,
                                    ty: Type {
                                        value: U16,
                                    },
                                    id: Some(
                                        Id {
                                            value: 3,
                                        },
                                    ),
                                },
                                Comma,
                            ),
                            (
                                NamedField {
                                    comment: Comment(
                                        [],
                                    ),
                                    name: Name {
                                        value: "f04",
                                    },
                                    colon: Colon,
                                    ty: Type {
                                        value: U32,
                                    },
                                    id: Some(
                                        Id {
                                            value: 4,
                                        },
                                    ),
                                },
                                Comma,
                            ),
                            (
                                NamedField {
                                    comment: Comment(
                                        [],
                                    ),
                                    name: Name {
                                        value: "f05",
                                    },
                                    colon: Colon,
                                    ty: Type {
                                        value: U64,
                                    },
                                    id: Some(
                                        Id {
                                            value: 5,
                                        },
                                    ),
                                },
                                Comma,
                            ),
                            (
                                NamedField {
                                    comment: Comment(
                                        [],
                                    ),
                                    name: Name {
                                        value: "f06",
                                    },
                                    colon: Colon,
                                    ty: Type {
                                        value: U128,
                                    },
                                    id: Some(
                                        Id {
                                            value: 6,
                                        },
                                    ),
                                },
                                Comma,
                            ),
                            (
                                NamedField {
                                    comment: Comment(
                                        [],
                                    ),
                                    name: Name {
                                        value: "f07",
                                    },
                                    colon: Colon,
                                    ty: Type {
                                        value: UBig,
                                    },
                                    id: Some(
                                        Id {
                                            value: 7,
                                        },
                                    ),
                                },
                                Comma,
                            ),
                            (
                                NamedField {
                                    comment: Comment(
                                        [],
                                    ),
                                    name: Name {
                                        value: "f08",
                                    },
                                    colon: Colon,
                                    ty: Type {
                                        value: I8,
                                    },
                                    id: Some(
                                        Id {
                                            value: 8,
                                        },
                                    ),
                                },
                                Comma,
                            ),
                            (
                                NamedField {
                                    comment: Comment(
                                        [],
                                    ),
                                    name: Name {
                                        value: "f09",
                                    },
                                    colon: Colon,
                                    ty: Type {
                                        value: I16,
                                    },
                                    id: Some(
                                        Id {
                                            value: 9,
                                        },
                                    ),
                                },
                                Comma,
                            ),
                            (
                                NamedField {
                                    comment: Comment(
                                        [],
                                    ),
                                    name: Name {
                                        value: "f10",
                                    },
                                    colon: Colon,
                                    ty: Type {
                                        value: I32,
                                    },
                                    id: Some(
                                        Id {
                                            value: 10,
                                        },
                                    ),
                                },
                                Comma,
                            ),
                            (
                                NamedField {
                                    comment: Comment(
                                        [],
                                    ),
                                    name: Name {
                                        value: "f11",
                                    },
                                    colon: Colon,
                                    ty: Type {
                                        value: I64,
                                    },
                                    id: Some(
                                        Id {
                                            value: 11,
                                        },
                                    ),
                                },
                                Comma,
                            ),
                            (
                                NamedField {
                                    comment: Comment(
                                        [],
                                    ),
                                    name: Name {
                                        value: "f12",
                                    },
                                    colon: Colon,
                                    ty: Type {
                                        value: I128,
                                    },
                                    id: Some(
                                        Id {
                                            value: 12,
                                        },
                                    ),
                                },
                                Comma,
                            ),
                            (
                                NamedField {
                                    comment: Comment(
                                        [],
                                    ),
                                    name: Name {
                                        value: "f13",
                                    },
                                    colon: Colon,
                                    ty: Type {
                                        value: IBig,
                                    },
                                    id: Some(
                                        Id {
                                            value: 13,
                                        },
                                    ),
                                },
                                Comma,
                            ),
                            (
                                NamedField {
                                    comment: Comment(
                                        [],
                                    ),
                                    name: Name {
                                        value: "f14",
                                    },
                                    colon: Colon,
                                    ty: Type {
                                        value: F32,
                                    },
                                    id: Some(
                                        Id {
                                            value: 14,
                                        },
                                    ),
                                },
                                Comma,
                            ),
                            (
                                NamedField {
                                    comment: Comment(
                                        [],
                                    ),
                                    name: Name {
                                        value: "f15",
                                    },
                                    colon: Colon,
                                    ty: Type {
                                        value: F64,
                                    },
                                    id: Some(
                                        Id {
                                            value: 15,
                                        },
                                    ),
                                },
                                Comma,
                            ),
                            (
                                NamedField {
                                    comment: Comment(
                                        [],
                                    ),
                                    name: Name {
                                        value: "f16",
                                    },
                                    colon: Colon,
                                    ty: Type {
                                        value: String,
                                    },
                                    id: Some(
                                        Id {
                                            value: 16,
                                        },
                                    ),
                                },
                                Comma,
                            ),
                            (
                                NamedField {
                                    comment: Comment(
                                        [],
                                    ),
                                    name: Name {
                                        value: "f17",
                                    },
                                    colon: Colon,
                                    ty: Type {
                                        value: StringRef,
                                    },
                                    id: Some(
                                        Id {
                                            value: 17,
                                        },
                                    ),
                                },
                                Comma,
                            ),
                            (
                                NamedField {
                                    comment: Comment(
                                        [],
                                    ),
                                    name: Name {
                                        value: "f18",
                                    },
                                    colon: Colon,
                                    ty: Type {
                                        value: Bytes,
                                    },
                                    id: Some(
                                        Id {
                                            value: 18,
                                        },
                                    ),
                                },
                                Comma,
                            ),
                            (
                                NamedField {
                                    comment: Comment(
                                        [],
                                    ),
                                    name: Name {
                                        value: "f19",
                                    },
                                    colon: Colon,
                                    ty: Type {
                                        value: BytesRef,
                                    },
                                    id: Some(
                                        Id {
                                            value: 19,
                                        },
                                    ),
                                },
                                Comma,
                            ),
                            (
                                NamedField {
                                    comment: Comment(
                                        [],
                                    ),
                                    name: Name {
                                        value: "f20",
                                    },
                                    colon: Colon,
                                    ty: Type {
                                        value: BoxString,
                                    },
                                    id: Some(
                                        Id {
                                            value: 20,
                                        },
                                    ),
                                },
                                Comma,
                            ),
                            (
                                NamedField {
                                    comment: Comment(
                                        [],
                                    ),
                                    name: Name {
                                        value: "f21",
                                    },
                                    colon: Colon,
                                    ty: Type {
                                        value: BoxBytes,
                                    },
                                    id: Some(
                                        Id {
                                            value: 21,
                                        },
                                    ),
                                },
                                Comma,
                            ),
                            (
                                NamedField {
                                    comment: Comment(
                                        [],
                                    ),
                                    name: Name {
                                        value: "f22",
                                    },
                                    colon: Colon,
                                    ty: Type {
                                        value: Tuple {
                                            paren: Parenthesis,
                                            types: Punctuated {
                                                values: [
                                                    (
                                                        Type {
                                                            value: U32,
                                                        },
                                                        Comma,
                                                    ),
                                                    (
                                                        Type {
                                                            value: U32,
                                                        },
                                                        Comma,
                                                    ),
                                                ],
                                                last: (
                                                    Type {
                                                        value: U32,
                                                    },
                                                    None,
                                                ),
                                            },
                                        },
                                    },
                                    id: Some(
                                        Id {
                                            value: 22,
                                        },
                                    ),
                                },
                                Comma,
                            ),
                        ],
                        last: (
                            NamedField {
                                comment: Comment(
                                    [],
                                ),
                                name: Name {
                                    value: "f23",
                                },
                                colon: Colon,
                                ty: Type {
                                    value: Array {
                                        bracket: Bracket,
                                        ty: Type {
                                            value: U32,
                                        },
                                        semicolon: Semicolon,
                                        size: 12,
                                    },
                                },
                                id: Some(
                                    Id {
                                        value: 23,
                                    },
                                ),
                            },
                            Some(
                                Comma,
                            ),
                        ),
                    },
                ),
            },
        ),
    ],
}
