---
source: crates/mabo-parser/tests/parser.rs
description: "/// Basic struct.\nstruct Sample(u32 @1, bool @2)"
input_file: crates/mabo-parser/tests/inputs/struct_tuple.mabo
---
Schema {
    path: Some(
        "struct_tuple.mabo",
    ),
    source: "/// Basic struct.\nstruct Sample(u32 @1, bool @2)\n",
    comment: Comment(
        [],
    ),
    definitions: [
        Struct(
            Struct {
                comment: Comment(
                    [
                        CommentLine {
                            value: "Basic struct.",
                        },
                    ],
                ),
                attributes: Attributes(
                    [],
                ),
                keyword: Struct,
                name: Name {
                    value: "Sample",
                },
                generics: None,
                fields: Unnamed(
                    Parenthesis,
                    Punctuated {
                        values: [
                            (
                                UnnamedField {
                                    ty: Type {
                                        value: U32,
                                    },
                                    id: Some(
                                        Id {
                                            value: 1,
                                        },
                                    ),
                                },
                                Comma,
                            ),
                        ],
                        last: (
                            UnnamedField {
                                ty: Type {
                                    value: Bool,
                                },
                                id: Some(
                                    Id {
                                        value: 2,
                                    },
                                ),
                            },
                            None,
                        ),
                    },
                ),
            },
        ),
    ],
}
