---
source: crates/stef-parser/tests/parser.rs
description: "/// Sample type alias.\ntype Sample = u32;"
input_file: crates/stef-parser/tests/inputs/alias_basic.stef
---
Schema {
    path: Some(
        "alias_basic.stef",
    ),
    source: "/// Sample type alias.\ntype Sample = u32;\n",
    definitions: [
        TypeAlias(
            TypeAlias {
                comment: Comment(
                    [
                        "Sample type alias.",
                    ],
                ),
                name: Name {
                    value: "Sample",
                    span: Span {
                        start: 28,
                        end: 34,
                    },
                },
                generics: Generics(
                    [],
                ),
                target: U32,
            },
        ),
    ],
}
