---
source: crates/stef-parser/tests/parser.rs
description: "#[deprecated]\nstruct Sample"
input_file: crates/stef-parser/tests/inputs/attribute_unit.stef
---
Schema {
    definitions: [
        Struct(
            Struct {
                comment: Comment(
                    [],
                ),
                attributes: Attributes(
                    [
                        Attribute {
                            name: "deprecated",
                            value: Unit,
                        },
                    ],
                ),
                name: Name {
                    value: "Sample",
                    span: Span {
                        start: 21,
                        end: 27,
                    },
                },
                generics: Generics(
                    [],
                ),
                fields: Unit,
            },
        ),
    ],
}
