---
source: crates/stef-parser/tests/parser.rs
expression: "Schema :: parse(input.as_str()).unwrap_err()"
input_file: crates/stef-parser/tests/inputs/invalid/alias_name.stef
---
stef::parse::alias_def (https://docs.rs/stef-parser/0.1.0/stef_parser/error/struct.ParseAliasError.html)

  × Failed to parse type alias declaration
  ├─▶ Failed to parse type definition
  ╰─▶ error Verify
   ╭────
 1 │ type sImple = Simple;
   ·      ▲
   ·      ╰── In this declaration
   ╰────
  help: Expected type alias declaration in the form `❬B❭type <Alias> = <Type>;❬B❭`

Error: stef::parse::type_def (https://docs.rs/stef-parser/0.1.0/stef_parser/error/struct.ParseTypeError.html)

  × Failed to parse type definition
  ╰─▶ error Verify
   ╭────
 1 │ type sImple = Simple;
   ·      ▲
   ·      ╰── In this declaration
   ╰────
  help: Expected type definition in the form `❬B❭<Name>❬B❭`

Error:   × error Verify

