---
source: crates/stef-parser/tests/parser.rs
description: "#[deprecated = \"don't use\"]\nstruct Sample"
input_file: crates/stef-parser/tests/inputs/attribute_single.stef
---
Schema {
    definitions: [
        Struct(
            Struct {
                comment: Comment(
                    [],
                ),
                attributes: Attributes(
                    [
                        Attribute {
                            name: "deprecated",
                            value: Single(
                                String(
                                    "don't use",
                                ),
                            ),
                        },
                    ],
                ),
                name: Name {
                    value: "Sample",
                    span: Span {
                        start: 35,
                        end: 41,
                    },
                },
                generics: Generics(
                    [],
                ),
                fields: Unit,
            },
        ),
    ],
}
