---
source: crates/stef-parser/tests/parser.rs
description: "/// Enum with generics.\nenum Sample<A, B, C, D> {\n    One @1,\n    Two(A @1, B @2) @2,\n    Three {\n        field1: C @1,\n        field2: D @2,\n    } @3,\n}"
input_file: crates/stef-parser/tests/inputs/enum_generics.stef
---
Schema {
    path: Some(
        "enum_generics.stef",
    ),
    source: "/// Enum with generics.\nenum Sample<A, B, C, D> {\n    One @1,\n    Two(A @1, B @2) @2,\n    Three {\n        field1: C @1,\n        field2: D @2,\n    } @3,\n}\n",
    definitions: [
        Enum(
            Enum {
                comment: Comment(
                    [
                        CommentLine {
                            value: "Enum with generics.",
                            span: Span {
                                start: 0,
                                end: 23,
                            },
                        },
                    ],
                ),
                attributes: Attributes(
                    [],
                ),
                name: Name {
                    value: "Sample",
                    span: Span {
                        start: 29,
                        end: 35,
                    },
                },
                generics: Generics(
                    [
                        Name {
                            value: "A",
                            span: Span {
                                start: 36,
                                end: 37,
                            },
                        },
                        Name {
                            value: "B",
                            span: Span {
                                start: 39,
                                end: 40,
                            },
                        },
                        Name {
                            value: "C",
                            span: Span {
                                start: 42,
                                end: 43,
                            },
                        },
                        Name {
                            value: "D",
                            span: Span {
                                start: 45,
                                end: 46,
                            },
                        },
                    ],
                ),
                variants: [
                    Variant {
                        comment: Comment(
                            [],
                        ),
                        name: Name {
                            value: "One",
                            span: Span {
                                start: 54,
                                end: 57,
                            },
                        },
                        fields: Unit,
                        id: Id {
                            value: 1,
                            span: Span {
                                start: 58,
                                end: 60,
                            },
                        },
                        span: Span {
                            start: 54,
                            end: 60,
                        },
                    },
                    Variant {
                        comment: Comment(
                            [],
                        ),
                        name: Name {
                            value: "Two",
                            span: Span {
                                start: 66,
                                end: 69,
                            },
                        },
                        fields: Unnamed(
                            [
                                UnnamedField {
                                    ty: Type {
                                        value: External(
                                            ExternalType {
                                                path: [],
                                                name: Name {
                                                    value: "A",
                                                    span: Span {
                                                        start: 70,
                                                        end: 71,
                                                    },
                                                },
                                                generics: [],
                                            },
                                        ),
                                        span: Span {
                                            start: 70,
                                            end: 71,
                                        },
                                    },
                                    id: Id {
                                        value: 1,
                                        span: Span {
                                            start: 72,
                                            end: 74,
                                        },
                                    },
                                    span: Span {
                                        start: 70,
                                        end: 74,
                                    },
                                },
                                UnnamedField {
                                    ty: Type {
                                        value: External(
                                            ExternalType {
                                                path: [],
                                                name: Name {
                                                    value: "B",
                                                    span: Span {
                                                        start: 76,
                                                        end: 77,
                                                    },
                                                },
                                                generics: [],
                                            },
                                        ),
                                        span: Span {
                                            start: 76,
                                            end: 77,
                                        },
                                    },
                                    id: Id {
                                        value: 2,
                                        span: Span {
                                            start: 78,
                                            end: 80,
                                        },
                                    },
                                    span: Span {
                                        start: 75,
                                        end: 80,
                                    },
                                },
                            ],
                        ),
                        id: Id {
                            value: 2,
                            span: Span {
                                start: 82,
                                end: 84,
                            },
                        },
                        span: Span {
                            start: 66,
                            end: 84,
                        },
                    },
                    Variant {
                        comment: Comment(
                            [],
                        ),
                        name: Name {
                            value: "Three",
                            span: Span {
                                start: 90,
                                end: 95,
                            },
                        },
                        fields: Named(
                            [
                                NamedField {
                                    comment: Comment(
                                        [],
                                    ),
                                    name: Name {
                                        value: "field1",
                                        span: Span {
                                            start: 106,
                                            end: 112,
                                        },
                                    },
                                    ty: Type {
                                        value: External(
                                            ExternalType {
                                                path: [],
                                                name: Name {
                                                    value: "C",
                                                    span: Span {
                                                        start: 114,
                                                        end: 115,
                                                    },
                                                },
                                                generics: [],
                                            },
                                        ),
                                        span: Span {
                                            start: 114,
                                            end: 115,
                                        },
                                    },
                                    id: Id {
                                        value: 1,
                                        span: Span {
                                            start: 116,
                                            end: 118,
                                        },
                                    },
                                    span: Span {
                                        start: 106,
                                        end: 118,
                                    },
                                },
                                NamedField {
                                    comment: Comment(
                                        [],
                                    ),
                                    name: Name {
                                        value: "field2",
                                        span: Span {
                                            start: 128,
                                            end: 134,
                                        },
                                    },
                                    ty: Type {
                                        value: External(
                                            ExternalType {
                                                path: [],
                                                name: Name {
                                                    value: "D",
                                                    span: Span {
                                                        start: 136,
                                                        end: 137,
                                                    },
                                                },
                                                generics: [],
                                            },
                                        ),
                                        span: Span {
                                            start: 136,
                                            end: 137,
                                        },
                                    },
                                    id: Id {
                                        value: 2,
                                        span: Span {
                                            start: 138,
                                            end: 140,
                                        },
                                    },
                                    span: Span {
                                        start: 128,
                                        end: 140,
                                    },
                                },
                            ],
                        ),
                        id: Id {
                            value: 3,
                            span: Span {
                                start: 148,
                                end: 150,
                            },
                        },
                        span: Span {
                            start: 90,
                            end: 150,
                        },
                    },
                ],
            },
        ),
    ],
}
