---
source: crates/stef-parser/tests/parser.rs
expression: "Schema :: parse(input.as_str()).unwrap()"
input_file: crates/stef-parser/tests/inputs/enum_many_ws.stef
---
/// Sample enum.
enum Sample {
    One @1,
    Two(u32 @1, u64 @2) @2,
    Three {
        field1: u32 @1,
        field2: bool @2,
    } @3,
}


