---
source: crates/stef-parser/tests/parser.rs
description: "struct Sample {\n    value: vec<option<non_zero<hash_map<i64, box<string>>>>> @1,\n}"
input_file: crates/stef-parser/tests/inputs/types_nested.stef
---
Schema {
    path: Some(
        "types_nested.stef",
    ),
    source: "struct Sample {\n    value: vec<option<non_zero<hash_map<i64, box<string>>>>> @1,\n}\n",
    definitions: [
        Struct(
            Struct {
                comment: Comment(
                    [],
                ),
                attributes: Attributes(
                    [],
                ),
                name: Name {
                    value: "Sample",
                    span: Span {
                        start: 7,
                        end: 13,
                    },
                },
                generics: Generics(
                    [],
                ),
                fields: Named(
                    [
                        NamedField {
                            comment: Comment(
                                [],
                            ),
                            name: Name {
                                value: "value",
                                span: Span {
                                    start: 20,
                                    end: 25,
                                },
                            },
                            ty: Type {
                                value: Vec(
                                    Type {
                                        value: Option(
                                            Type {
                                                value: NonZero(
                                                    Type {
                                                        value: HashMap(
                                                            (
                                                                Type {
                                                                    value: I64,
                                                                    span: Span {
                                                                        start: 56,
                                                                        end: 59,
                                                                    },
                                                                },
                                                                Type {
                                                                    value: BoxString,
                                                                    span: Span {
                                                                        start: 61,
                                                                        end: 72,
                                                                    },
                                                                },
                                                            ),
                                                        ),
                                                        span: Span {
                                                            start: 47,
                                                            end: 73,
                                                        },
                                                    },
                                                ),
                                                span: Span {
                                                    start: 38,
                                                    end: 74,
                                                },
                                            },
                                        ),
                                        span: Span {
                                            start: 31,
                                            end: 75,
                                        },
                                    },
                                ),
                                span: Span {
                                    start: 27,
                                    end: 76,
                                },
                            },
                            id: Id {
                                value: 1,
                                span: Span {
                                    start: 77,
                                    end: 79,
                                },
                            },
                            span: Span {
                                start: 20,
                                end: 79,
                            },
                        },
                    ],
                ),
            },
        ),
    ],
}
