---
source: crates/stef-parser/tests/parser.rs
description: "struct Sample<T>{a:u32@1,b:bool@2,c:T@3}"
input_file: crates/stef-parser/tests/inputs/struct_min_ws.stef
---
Schema {
    path: Some(
        "struct_min_ws.stef",
    ),
    source: "struct Sample<T>{a:u32@1,b:bool@2,c:T@3}\n",
    comment: Comment(
        [],
    ),
    definitions: [
        Struct(
            Struct {
                comment: Comment(
                    [],
                ),
                attributes: Attributes(
                    [],
                ),
                name: Name {
                    value: "Sample",
                },
                generics: Generics(
                    [
                        Name {
                            value: "T",
                        },
                    ],
                ),
                fields: Named(
                    [
                        NamedField {
                            comment: Comment(
                                [],
                            ),
                            name: Name {
                                value: "a",
                            },
                            ty: Type {
                                value: U32,
                            },
                            id: Id {
                                value: 1,
                            },
                        },
                        NamedField {
                            comment: Comment(
                                [],
                            ),
                            name: Name {
                                value: "b",
                            },
                            ty: Type {
                                value: Bool,
                            },
                            id: Id {
                                value: 2,
                            },
                        },
                        NamedField {
                            comment: Comment(
                                [],
                            ),
                            name: Name {
                                value: "c",
                            },
                            ty: Type {
                                value: External(
                                    ExternalType {
                                        path: [],
                                        name: Name {
                                            value: "T",
                                        },
                                        generics: [],
                                    },
                                ),
                            },
                            id: Id {
                                value: 3,
                            },
                        },
                    ],
                ),
            },
        ),
    ],
}
