---
source: crates/stef-doc/tests/render.rs
description: "mod a {\n    /// Inner module\n    mod b {\n        enum Sample {\n            One @1,\n        }\n    }\n\n    struct Sample {\n        value: u32 @1,\n        inner: b::Sample @2,\n    }\n}"
input_file: crates/stef-parser/tests/inputs/module_basic.stef
---
--- module_basic/index.html

<!DOCTYPE html>
<html lang="en">
  <head>
    <meta charset="utf-8" />
    <meta name="viewport" content="width=device-width, initial-scale=1" />

    
    <link rel="stylesheet" href="../assets/style.css" />

    <title>module_basic - Stef</title>
  </head>
  <body>
    <nav>
    </nav>
    <main>
<div class="section">
  <h2>Schema module_basic</h2>
  <div class="markdown pl-6">
    
  </div>
</div>
<div class="section">
  <h3>Modules</h3>
  <table>
    <tr>
      <td class="pr-8">
        <a class="text-lg name-module" href="a/index.html">a</a>
      </td>
      <td>
        
      </td>
    </tr>
  </table>
</div>
<div class="section">
  <h3>Structs</h3>
  <table>
  </table>
</div>
<div class="section">
  <h3>Enums</h3>
  <table>
  </table>
</div>
<div class="section">
  <h3>Aliases</h3>
  <table>
  </table>
</div>
<div class="section">
  <h3>Constants</h3>
  <table>
  </table>
</div>
    </main>
  </body>
</html>

--- module_basic/a/index.html

<!DOCTYPE html>
<html lang="en">
  <head>
    <meta charset="utf-8" />
    <meta name="viewport" content="width=device-width, initial-scale=1" />

    
    <link rel="stylesheet" href="../../assets/style.css" />

    <title>a - Stef</title>
  </head>
  <body>
    <nav>
    </nav>
    <main>
<div class="section">
  <h2>
    Module
    <a href="../index.html">module_basic</a>::<span class="name-module">a</span>
  </h2>
  <div class="markdown pl-6">
    
  </div>
</div>
<div class="section">
  <h3>Modules</h3>
  <table>
    <tr>
      <td class="pr-8">
        <a class="text-lg name-module" href="b/index.html">b</a>
      </td>
      <td>
        <p>Inner module</p>
      </td>
    </tr>
  </table>
</div>
<div class="section">
  <h3>Structs</h3>
  <table>
    <tr>
      <td class="pr-8">
        <a class="text-lg name-struct" href="struct.Sample.html">Sample</a>
      </td>
      <td>
        
      </td>
    </tr>
  </table>
</div>
<div class="section">
  <h3>Enums</h3>
  <table>
  </table>
</div>
<div class="section">
  <h3>Aliases</h3>
  <table>
  </table>
</div>
<div class="section">
  <h3>Constants</h3>
  <table>
  </table>
</div>
    </main>
  </body>
</html>

--- module_basic/a/b/index.html

<!DOCTYPE html>
<html lang="en">
  <head>
    <meta charset="utf-8" />
    <meta name="viewport" content="width=device-width, initial-scale=1" />

    
    <link rel="stylesheet" href="../../../assets/style.css" />

    <title>b - Stef</title>
  </head>
  <body>
    <nav>
    </nav>
    <main>
<div class="section">
  <h2>
    Module
    <a href="../../index.html">module_basic</a>::<a href="../index.html">a</a>::<span class="name-module">b</span>
  </h2>
  <div class="markdown pl-6">
    <p>Inner module</p>
  </div>
</div>
<div class="section">
  <h3>Modules</h3>
  <table>
  </table>
</div>
<div class="section">
  <h3>Structs</h3>
  <table>
  </table>
</div>
<div class="section">
  <h3>Enums</h3>
  <table>
    <tr>
      <td class="pr-8">
        <a class="text-lg name-enum" href="enum.Sample.html">Sample</a>
      </td>
      <td>
        
      </td>
    </tr>
  </table>
</div>
<div class="section">
  <h3>Aliases</h3>
  <table>
  </table>
</div>
<div class="section">
  <h3>Constants</h3>
  <table>
  </table>
</div>
    </main>
  </body>
</html>

--- module_basic/a/b/enum.Sample.html

<!DOCTYPE html>
<html lang="en">
  <head>
    <meta charset="utf-8" />
    <meta name="viewport" content="width=device-width, initial-scale=1" />

    
    <link rel="stylesheet" href="../../../assets/style.css" />

    <title>Sample - Stef</title>
  </head>
  <body>
    <nav>
    </nav>
    <main>
<div class="section">
  <h2>
    Enum
    <a href="../../index.html">module_basic</a>::<a href="../index.html">a</a>::<a href="index.html">b</a>::<span class="name-enum">Sample</span>
  </h2>
  <pre class="item-definition my-2">enum Sample {
    One @1,
}
</pre>
  <div class="markdown pl-6">
    
  </div>
</div>
<div class="section">
  <h3>Variants</h3>
  <ul>
    <li class="field-definition">
      <pre class="name-variant text-lg">One</pre>
      <div class="markdown pl-6">
        
      </div>
      <div class="pl-6">
      </div>
    </li>
  </ul>
</div>

    </main>
  </body>
</html>

--- module_basic/a/struct.Sample.html

<!DOCTYPE html>
<html lang="en">
  <head>
    <meta charset="utf-8" />
    <meta name="viewport" content="width=device-width, initial-scale=1" />

    
    <link rel="stylesheet" href="../../assets/style.css" />

    <title>Sample - Stef</title>
  </head>
  <body>
    <nav>
    </nav>
    <main>
<div class="section">
  <h2>
    Struct
    <a href="../index.html">module_basic</a>::<a href="index.html">a</a>::<span class="name-struct">Sample</span>
  </h2>
  <pre class="item-definition my-2">struct Sample {
    value: u32 @1,
    inner: b::Sample @2,
}
</pre>
  <div class="markdown pl-6">
    
  </div>
</div>
<div class="section">
  <h3>Metadata</h3>
  <div class="pl-6 mt-2">
    <p>The next free ID is <code class="font-bold">3</code></p>
  </div>
</div>
<div class="section">
  <h3>Fields</h3>
  <ul>
    <li class="field-definition">
      <code>
        <span class="field-name">value</span>:
        <span class="field-type">u32</span>
        <span class="field-id">@1</span>
      </code>
      <div class="markdown pl-6">
        
      </div>
      <h4 class="my-2">Metadata</h4>
      <div class="text-sm">
        <p>The size range is:</p>
        <div
          class="markdown markdown-sm markdown-p:mb-1 markdown-ul:m-0 markdown-ul:pl-4 markdown-li:m-0 markdown-li:pl-0">
          <p><strong>u32</strong> <code>1..5</code></p>
        </div>
      </div>
    </li>
    <li class="field-definition">
      <code>
        <span class="field-name">inner</span>:
        <span class="field-type">b::Sample</span>
        <span class="field-id">@2</span>
      </code>
      <div class="markdown pl-6">
        
      </div>
    </li>
  </ul>

    </main>
  </body>
</html>
